Release 14.7 - xst P.20131013 (nt64)
Copyright (c) 1995-2013 Xilinx, Inc.  All rights reserved.
--> Parameter TMPDIR set to xst/projnav.tmp


Total REAL time to Xst completion: 0.00 secs
Total CPU time to Xst completion: 0.06 secs
 
--> Parameter xsthdpdir set to xst


Total REAL time to Xst completion: 0.00 secs
Total CPU time to Xst completion: 0.06 secs
 
--> Reading design: filtertest.prj

TABLE OF CONTENTS
  1) Synthesis Options Summary
  2) HDL Parsing
  3) HDL Elaboration
  4) HDL Synthesis
       4.1) HDL Synthesis Report
  5) Advanced HDL Synthesis
       5.1) Advanced HDL Synthesis Report
  6) Low Level Synthesis
  7) Partition Report
  8) Design Summary
       8.1) Primitive and Black Box Usage
       8.2) Device utilization summary
       8.3) Partition Resource Summary
       8.4) Timing Report
            8.4.1) Clock Information
            8.4.2) Asynchronous Control Signals Information
            8.4.3) Timing Summary
            8.4.4) Timing Details
            8.4.5) Cross Clock Domains Report


=========================================================================
*                      Synthesis Options Summary                        *
=========================================================================
---- Source Parameters
Input File Name                    : "filtertest.prj"
Ignore Synthesis Constraint File   : NO

---- Target Parameters
Output File Name                   : "filtertest"
Output Format                      : NGC
Target Device                      : xc6slx45-3-csg324

---- Source Options
Top Module Name                    : filtertest
Automatic FSM Extraction           : YES
FSM Encoding Algorithm             : Auto
Safe Implementation                : No
FSM Style                          : LUT
RAM Extraction                     : Yes
RAM Style                          : Auto
ROM Extraction                     : Yes
Shift Register Extraction          : YES
ROM Style                          : Auto
Resource Sharing                   : YES
Asynchronous To Synchronous        : NO
Shift Register Minimum Size        : 2
Use DSP Block                      : Auto
Automatic Register Balancing       : No

---- Target Options
LUT Combining                      : Auto
Reduce Control Sets                : Auto
Add IO Buffers                     : YES
Global Maximum Fanout              : 100000
Add Generic Clock Buffer(BUFG)     : 16
Register Duplication               : YES
Optimize Instantiated Primitives   : NO
Use Clock Enable                   : Auto
Use Synchronous Set                : Auto
Use Synchronous Reset              : Auto
Pack IO Registers into IOBs        : Auto
Equivalent register Removal        : YES

---- General Options
Optimization Goal                  : Speed
Optimization Effort                : 1
Power Reduction                    : NO
Keep Hierarchy                     : No
Netlist Hierarchy                  : As_Optimized
RTL Output                         : Yes
Global Optimization                : AllClockNets
Read Cores                         : YES
Write Timing Constraints           : NO
Cross Clock Analysis               : NO
Hierarchy Separator                : /
Bus Delimiter                      : <>
Case Specifier                     : Maintain
Slice Utilization Ratio            : 100
BRAM Utilization Ratio             : 100
DSP48 Utilization Ratio            : 100
Auto BRAM Packing                  : NO
Slice Utilization Ratio Delta      : 5

=========================================================================


=========================================================================
*                          HDL Parsing                                  *
=========================================================================
Analyzing Verilog file "C:\Users\Rick Veens\Documents\GitHub\VLSI\L3\project\lab3_part2\subfilter.v" into library work
Parsing module <subfilter>.
WARNING:HDLCompiler:248 - "C:\Users\Rick Veens\Documents\GitHub\VLSI\L3\project\lab3_part2\subfilter.v" Line 39: Block identifier is required on this block
Analyzing Verilog file "C:\Users\Rick Veens\Documents\GitHub\VLSI\L3\project\lab3_part2\preproc.v" into library work
Parsing module <preproc>.
Analyzing Verilog file "C:\Users\Rick Veens\Documents\GitHub\VLSI\L3\project\lab3_part2\postproc.v" into library work
Parsing module <postproc>.
Analyzing Verilog file "C:\Users\Rick Veens\Documents\GitHub\VLSI\L3\project\lab3_part2\passivator.v" into library work
Parsing module <passivator>.
Analyzing Verilog file "C:\Users\Rick Veens\Documents\GitHub\VLSI\L3\project\lab3_part2\mainfilter.v" into library work
Parsing module <mainfilter>.
Analyzing Verilog file "C:\Users\Rick Veens\Documents\GitHub\VLSI\L3\project\lab3_part2\filtertest.v" into library work
Parsing module <filtertest>.

=========================================================================
*                            HDL Elaboration                            *
=========================================================================

Elaborating module <filtertest>.
WARNING:HDLCompiler:872 - "C:\Users\Rick Veens\Documents\GitHub\VLSI\L3\project\lab3_part2\filtertest.v" Line 64: Using initial value of random_in since it is never assigned
WARNING:HDLCompiler:872 - "C:\Users\Rick Veens\Documents\GitHub\VLSI\L3\project\lab3_part2\filtertest.v" Line 65: Using initial value of random_out since it is never assigned
WARNING:HDLCompiler:816 - "C:\Users\Rick Veens\Documents\GitHub\VLSI\L3\project\lab3_part2\filtertest.v" Line 161: System function call random not supported
WARNING:HDLCompiler:816 - "C:\Users\Rick Veens\Documents\GitHub\VLSI\L3\project\lab3_part2\filtertest.v" Line 162: System function call random not supported
ERROR:HDLCompiler:608 - "C:\Users\Rick Veens\Documents\GitHub\VLSI\L3\project\lab3_part2\filtertest.v" Line 159: Multiple event control statements in one always/initial process block are not supported in this case.
WARNING:HDLCompiler:872 - "C:\Users\Rick Veens\Documents\GitHub\VLSI\L3\project\lab3_part2\filtertest.v" Line 96: Using initial value of rst since it is never assigned
Module filtertest remains a blackbox, due to errors in its contents
WARNING:HDLCompiler:1499 - "C:\Users\Rick Veens\Documents\GitHub\VLSI\L3\project\lab3_part2\filtertest.v" Line 3: Empty module <filtertest> remains a black box.
--> 

Total memory usage is 186992 kilobytes

Number of errors   :    1 (   0 filtered)
Number of warnings :    7 (   0 filtered)
Number of infos    :    0 (   0 filtered)

